// Jest Snapshot v1, https://goo.gl/fbAQLP

exports[`Search should render correctly 1`] = `
<div
  class="search app__search"
>
  <h1
    class="search__title"
  >
     Find your movie 
  </h1>
  <div
    class="search__input-wrapper input-group mb-3"
  >
    <input
      aria-label="Search"
      class="search__input form-control"
      name="search"
      placeholder="Search phrase..."
      type="text"
      value=""
    />
    <span
      class="search__sign"
    >
      <svg
        fill="#B72E43"
        height="484.5px"
        id="Capa_1"
        version="1.1"
        viewBox="0 0 484.5 484.5"
        width="484.5px"
        x="0px"
        xmlns="http://www.w3.org/2000/svg"
        y="0px"
      >
        <g>
          <g
            id="keyboard-return"
          >
            <polygon
              points="433.5,114.75 433.5,216.75 96.9,216.75 188.7,124.95 153,89.25 0,242.25 153,395.25 188.7,359.55 96.9,267.75  484.5,267.75 484.5,114.75"
            />
          </g>
        </g>
      </svg>
    </span>
  </div>
  <div
    class="search__controls"
  >
    <div
      class="filter-search"
    >
      <div
        class="filter-search__title"
      >
        Search By
      </div>
      <div
        class="btn-group-toggle"
      >
        <label
          class="filter-search__label btn btn-secondary"
          for="genre"
        >
          <input
            autocomplete="off"
            class="filter-search__btn"
            id="genre"
            name="options"
            type="radio"
            value="genres"
          />
           Genre
        </label>
        <label
          class="filter-search__label btn btn-secondary"
          for="title"
        >
          <input
            autocomplete="off"
            class="filter-search__btn"
            id="title"
            name="options"
            type="radio"
            value="title"
          />
           Title
        </label>
      </div>
    </div>
    <button
      class="search-button btn btn-lg btn-primary"
      type="button"
    >
       Search
    </button>
  </div>
</div>
`;
