// Jest Snapshot v1, https://goo.gl/fbAQLP

exports[`FilmItem should render correctly 1`] = `
<div
  className="film-item"
  onClick={[Function]}
>
  <div
    className="film-item__img-wrap"
  >
    <img
      alt="film"
      className="film-item__img"
      src="http://test"
    />
  </div>
  <div
    className="film-item__info"
  >
    <div
      className="film-item__title"
    >
      title
    </div>
    <div
      className="film-item__year"
    >
      1924
    </div>
  </div>
  <div
    className="film-item__genre"
  >
    drama
  </div>
</div>
`;
