// Jest Snapshot v1, https://goo.gl/fbAQLP

exports[`FilterContent should render correctly 1`] = `
<div
  className="filter-content"
>
  <div
    className="filter-content__title"
  >
    Sort By
  </div>
  <div
    className="filter-content__group"
  >
    <label
      className="filter-content__label"
      htmlFor="release"
    >
      <input
        autoComplete="off"
        className="filter-content__input"
        id="release"
        name="filter"
        type="radio"
        value="release"
      />
       release date
    </label>
    <label
      className="filter-content__label"
      htmlFor="rating"
    >
      <input
        autoComplete="off"
        className="filter-content__input"
        id="rating"
        name="filter"
        type="radio"
        value="rating"
      />
       rating
    </label>
  </div>
</div>
`;
