// Jest Snapshot v1, https://goo.gl/fbAQLP

exports[`Header should render correctly 1`] = `
<div
  class="header app__header bg-dark"
>
  <div
    class="container"
  >
    <div
      class="header__top"
    >
      <div
        class="sc-bdVaJa OQZEJ"
      >
        netflixroulette
      </div>
      <button
        class="search-button btn btn-lg btn-primary"
        type="button"
      >
         Search
      </button>
    </div>
    <div
      class="poster"
    >
      <div
        class="poster__img-wrap"
      >
        <img
          alt="file poster"
          class="poster__img"
          src="http://test"
        />
      </div>
      <div
        class="poster__info film"
      >
        <div
          class="film__header"
        >
          <h1
            class="film__title"
          >
            title
          </h1>
          <div
            class="film__score"
          />
        </div>
        <h5
          class="film__subtitle"
        />
        <div
          class="film__info"
        >
          <div
            class="film__year"
          >
            1924
          </div>
          <div
            class="film__latency"
          />
        </div>
        <p
          class="film__desq"
        />
      </div>
    </div>
  </div>
</div>
`;
