// Jest Snapshot v1, https://goo.gl/fbAQLP

exports[`Header should render correctly 1`] = `
<div
  className="header app__header bg-dark"
>
  <div
    className="container"
  >
    <div
      className="header__top"
    >
      <logo />
      <router-link
        to={
          Object {
            "pathname": "/",
          }
        }
      >
        <search-button
          handleSearch={undefined}
        />
      </router-link>
    </div>
    <poster
      data={
        Object {
          "genres": Array [
            "drama",
          ],
          "poster_path": "http://test",
          "release_date": "1924",
          "title": "title",
        }
      }
    />
  </div>
</div>
`;
