// Jest Snapshot v1, https://goo.gl/fbAQLP

exports[`ContentInfo should render correctly 1`] = `
<div
  className="content-info"
>
  <ul
    className="film-list"
  >
    <film-item
      film={
        Object {
          "genres": Array [
            "Drama",
          ],
          "id": 1,
          "release_date": "1992",
          "title": "title",
        }
      }
      id={1}
      onFilmSelect={[Function]}
    />
    <film-item
      film={
        Object {
          "genres": Array [
            "Drama",
          ],
          "id": 2,
          "release_date": "1994",
          "title": "title2",
        }
      }
      id={2}
      onFilmSelect={[Function]}
    />
  </ul>
</div>
`;
