// Jest Snapshot v1, https://goo.gl/fbAQLP

exports[`ContentInfo should render correctly 1`] = `
<div
  class="content-info"
>
  <ul
    class="film-list"
  >
    <li
      class="film-list__item"
    >
      <div
        class="film-item"
      >
        <div
          class="film-item__img-wrap"
        >
          <img
            alt="film"
            class="film-item__img"
          />
        </div>
        <div
          class="film-item__info"
        >
          <div
            class="film-item__title"
          >
            title
          </div>
          <div
            class="film-item__year"
          >
            1992
          </div>
        </div>
        <div
          class="film-item__genre"
        >
          Drama
        </div>
      </div>
    </li>
    <li
      class="film-list__item"
    >
      <div
        class="film-item"
      >
        <div
          class="film-item__img-wrap"
        >
          <img
            alt="film"
            class="film-item__img"
          />
        </div>
        <div
          class="film-item__info"
        >
          <div
            class="film-item__title"
          >
            title2
          </div>
          <div
            class="film-item__year"
          >
            1994
          </div>
        </div>
        <div
          class="film-item__genre"
        >
          Drama
        </div>
      </div>
    </li>
  </ul>
</div>
`;
