// Jest Snapshot v1, https://goo.gl/fbAQLP

exports[`ContentInfo should render correctly 1`] = `
<div
  class="content-info"
>
  <ul
    class="film-list"
  >
    <filmitem
      film="[object Object]"
      id="1"
    />
    <filmitem
      film="[object Object]"
      id="2"
    />
  </ul>
</div>
`;
