// Jest Snapshot v1, https://goo.gl/fbAQLP

exports[`Main should render correctly 1`] = `
<main
  className="content app__main"
>
  <div
    className="content__top"
  >
    <div
      className="container"
    >
      <div
        className="container"
      >
        <extra-info
          data="2"
          view="COMMON"
        />
        <filter-content
          onFilterSelect={[MockFunction]}
          selected={undefined}
        />
      </div>
    </div>
  </div>
  <div
    className="container"
  >
    <content-info
      films={
        Array [
          Object {
            "genres": Array [
              "Drama",
            ],
            "id": 1,
            "release_date": "1992",
            "title": "title",
          },
          Object {
            "genres": Array [
              "Drama",
            ],
            "id": 2,
            "release_date": "1994",
            "title": "title2",
          },
        ]
      }
      onFilmSelect={undefined}
    />
  </div>
</main>
`;
