// Jest Snapshot v1, https://goo.gl/fbAQLP

exports[`Main should render correctly 1`] = `
<main
  className="content app__main"
>
  <div
    className="content__top"
  >
    <div
      className="container"
    >
      <div
        className="container"
      >
        <div
          className="extra-info"
        >
          <div
            className="extra-info__content"
          >
            2 movies found
          </div>
        </div>
        <div
          className="filter-content"
        >
          <div
            className="filter-content__title"
          >
            Sort By
          </div>
          <div
            className="filter-content__group"
          >
            <label
              className="filter-content__label"
              htmlFor="release"
            >
              <input
                autoComplete="off"
                className="filter-content__input"
                id="release"
                name="filter"
                onChange={[Function]}
                type="radio"
                value="release"
              />
               release date
            </label>
            <label
              className="filter-content__label"
              htmlFor="rating"
            >
              <input
                autoComplete="off"
                className="filter-content__input"
                id="rating"
                name="filter"
                onChange={[Function]}
                type="radio"
                value="rating"
              />
               rating
            </label>
          </div>
        </div>
      </div>
    </div>
  </div>
  <div
    className="container"
  >
    <div
      className="content-info"
    >
      <ul
        className="film-list"
      >
        <li
          className="film-list__item"
          onClick={[Function]}
        >
          <a
            className="film-list__link"
            href="/film/1"
            onClick={[Function]}
          >
            <div
              className="film-item"
            >
              <div
                className="film-item__img-wrap"
              >
                <img
                  alt="film"
                  className="film-item__img"
                  src={undefined}
                />
              </div>
              <div
                className="film-item__info"
              >
                <div
                  className="film-item__title"
                >
                  title
                </div>
                <div
                  className="film-item__year"
                >
                  1992
                </div>
              </div>
              <div
                className="film-item__genre"
              >
                Drama
              </div>
            </div>
          </a>
        </li>
        <li
          className="film-list__item"
          onClick={[Function]}
        >
          <a
            className="film-list__link"
            href="/film/2"
            onClick={[Function]}
          >
            <div
              className="film-item"
            >
              <div
                className="film-item__img-wrap"
              >
                <img
                  alt="film"
                  className="film-item__img"
                  src={undefined}
                />
              </div>
              <div
                className="film-item__info"
              >
                <div
                  className="film-item__title"
                >
                  title2
                </div>
                <div
                  className="film-item__year"
                >
                  1994
                </div>
              </div>
              <div
                className="film-item__genre"
              >
                Drama
              </div>
            </div>
          </a>
        </li>
      </ul>
    </div>
  </div>
</main>
`;
