// Jest Snapshot v1, https://goo.gl/fbAQLP

exports[`App should render correctly 1`] = `
<div
  className="app__inner"
>
  <error-boundary>
    <header
      onSearch={[Function]}
      posterData={undefined}
      toSearch={[MockFunction]}
      view={undefined}
    />
    <main
      films={undefined}
      genre={undefined}
      onFilmSelect={[MockFunction]}
      view={undefined}
    />
    <footer />
  </error-boundary>
</div>
`;
