// Jest Snapshot v1, https://goo.gl/fbAQLP

exports[`App should render correctly 1`] = `
<div
  className="app__inner"
>
  <ErrorBoundary>
    <Header
      onSearch={[Function]}
      toSearch={[MockFunction]}
    />
    <Connect(Main)
      onFilmSelect={[MockFunction]}
    />
    <Footer />
  </ErrorBoundary>
</div>
`;
